Microchip MPLAB XC8 Compiler V1.34 ()

Linker command line:

--edf=C:\Program Files\Microchip\xc8\v1.34\dat\en_msgs.txt -cs \
  -h+dist/default/production\VIP_.X.production.sym \
  --cmf=dist/default/production\VIP_.X.production.cmf -z -Q16F628A \
  -oC:\Users\Gustavo\AppData\Local\Temp\s744.6 \
  -Mdist/default/production/VIP_.X.production.map -E1 -ver=XC8 \
  -ASTACK=0A0h-0efh -pstack=STACK -ACODE=00h-07FFh -ASTRCODE=00h-07FFh \
  -ASTRING=00h-0FFhx8 -ACONST=00h-0FFhx8 -AENTRY=00h-0FFhx8 \
  -ACOMMON=070h-07Fh -ABANK0=020h-06Fh -ABANK1=0A0h-0EFh \
  -ABANK2=0120h-014Fh -ARAM=020h-06Fh,0A0h-0EFh,0120h-014Fh \
  -AABS1=020h-07Fh,0A0h-0EFh,0120h-014Fh -ASFR0=00h-01Fh -ASFR1=080h-09Fh \
  -ASFR2=0100h-011Fh -ASFR3=0180h-01EFh \
  -preset_vec=00h,intentry=04h,init,end_init -ppowerup=CODE -pcinit=CODE \
  -pfunctab=CODE -ACONFIG=02007h-02007h -pconfig=CONFIG -DCONFIG=2 \
  -AIDLOC=02000h-02003h -pidloc=IDLOC -DIDLOC=2 -AEEDATA=00h-07Fh/02100h \
  -peeprom_data=EEDATA -DEEDATA=2 -DCODE=2 -DSTRCODE=2 -DSTRING=2 -DCONST=2 \
  -DENTRY=2 -k C:\Users\Gustavo\AppData\Local\Temp\s744.obj \
  dist/default/production\VIP_.X.production.obj 

Object code version is 3.11

Machine type is 16F628A



                Name                               Link     Load   Length Selector   Space Scale
C:\Users\Gustavo\AppData\Local\Temp\s744.obj
                end_init                             10       10        1        8       0
                reset_vec                             0        0        1        0       0
                config                             2007     2007        1     400E       0
dist/default/production\VIP_.X.production.obj
                cinit                                11       11        8        8       0
                intentry                              4        4        C        8       0
                text22                              784      784       10      EE8       0
                text21                              720      720       21        8       0
                text20                              680      680       2C        8       0
                text19                              7AD      7AD        A      EE8       0
                text18                              157      157      12B        8       0
                text17                              6FD      6FD       23        8       0
                text16                              654      654       2C        8       0
                text15                              7A1      7A1        C      EE8       0
                text14                              6AC      6AC       29        8       0
                text13                              5E2      5E2       3E        8       0
                text12                              5A4      5A4       3E        8       0
                text11                              6D5      6D5       28        8       0
                text10                              741      741       1F        8       0
                text9                               282      282       B7        8       0
                text8                               566      566       3E        8       0
                text7                               620      620       34        8       0
                text6                               774      774       10      EE8       0
                text5                                19       19      13E        8       0
                text4                               794      794        D      EE8       0
                text3                               4F7      4F7       6F        8       0
                text2                               3DF      3DF       9B        8       0
                text1                               47A      47A       7D        8       0
                maintext                            339      339       A6        8       0
                cstackBANK0                          20       20       26       20       1
                cstackCOMMON                         70       70        C       70       1
                clrtext                             7B7      7B7        8      EE8       0
                bssBANK0                             46       46       17       20       1
                bitbssCOMMON                        3E0       7C        6       70       1     8
                strings                             760      760       14      EC0       0

TOTAL           Name                               Link     Load   Length     Space
        CLASS   STACK          

        CLASS   CODE           
                end_init                             10       10        1         0
                cinit                                11       11        8         0
                intentry                              4        4        C         0
                reset_vec                             0        0        1         0
                text22                              784      784       10         0
                text21                              720      720       21         0
                text20                              680      680       2C         0
                text19                              7AD      7AD        A         0
                text18                              157      157      12B         0
                text17                              6FD      6FD       23         0
                text16                              654      654       2C         0
                text15                              7A1      7A1        C         0
                text14                              6AC      6AC       29         0
                text13                              5E2      5E2       3E         0
                text12                              5A4      5A4       3E         0
                text11                              6D5      6D5       28         0
                text10                              741      741       1F         0
                text9                               282      282       B7         0
                text8                               566      566       3E         0
                text7                               620      620       34         0
                text6                               774      774       10         0
                text5                                19       19      13E         0
                text4                               794      794        D         0
                text3                               4F7      4F7       6F         0
                text2                               3DF      3DF       9B         0
                text1                               47A      47A       7D         0
                maintext                            339      339       A6         0
                clrtext                             7B7      7B7        8         0

        CLASS   STRCODE        

        CLASS   STRING         
                strings                             760      760       14         0

        CLASS   CONST          

        CLASS   ENTRY          

        CLASS   COMMON         
                cstackCOMMON                         70       70        C         1
                bitbssCOMMON                        3E0       7C        6         1

        CLASS   BANK0          
                cstackBANK0                          20       20       26         1
                bssBANK0                             46       46       17         1

        CLASS   BANK1          

        CLASS   BANK2          

        CLASS   RAM            

        CLASS   ABS1           
                abs_s1                               7E       7E        2         1

        CLASS   SFR0           

        CLASS   SFR1           

        CLASS   SFR2           

        CLASS   SFR3           

        CLASS   CONFIG         
                config                             2007     2007        1         0

        CLASS   IDLOC          

        CLASS   EEDATA         

        CLASS   BANK3          



SEGMENTS        Name                           Load    Length   Top    Selector   Space  Class     Delta

                reset_vec                      000000  000001  000001         0       0  CODE        2
                intentry                       000004  00075C  000760         8       0  CODE        2
                cstackBANK0                    000020  00003D  00005D        20       1  BANK0       1
                cstackCOMMON                   000070  00000D  00007D        70       1  COMMON      1
                strings                        000760  000014  000774       EC0       0  STRING      2
                text6                          000774  00004B  0007BF       EE8       0  CODE        2
                config                         002007  000001  002008      400E       0  CONFIG      2


UNUSED ADDRESS RANGES

        Name                Unused          Largest block    Delta
        BANK0            005D-006F             13           1
        BANK1            00A0-00EF             50           1
        BANK2            0120-014F             30           1
        CODE             0001-0003              3           2
                         07BF-07FF             41
        COMMON           007D-007D              1           1
        CONST            0001-0003              3           2
                         07BF-07FF             41
        EEDATA           2100-217F             80           2
        ENTRY            0001-0003              3           2
                         07BF-07FF             41
        IDLOC            2000-2003              4           2
        RAM              005D-006F             13           1
                         00A0-00EF             50
                         0120-014F             30
        SFR0             0000-001F             20           1
        SFR1             0080-009F             20           1
        SFR2             0100-011F             20           1
        SFR3             0180-01EF             70           1
        STACK            00A0-00EF             50           1
        STRCODE          0001-0003              3           2
                         07BF-07FF             41
        STRING           0001-0003              3           2
                         07BF-07FF             41

                                  Symbol Table

?___lwdiv                         cstackBANK0  0026
?___lwmod                         cstackBANK0  002E
?___wmul                          cstackBANK0  0026
?_sprintf                         cstackBANK0  0034
?i1___wmul                        cstackCOMMON 0070
Duty_Pwm@porcent                  cstackBANK0  0030
Duty_Pwm@value                    cstackBANK0  002C
IntToChar@value                   cstackBANK0  0043
Read_EEPROM@addr                  cstackBANK0  0026
Write_EEPROM@addr                 cstackBANK0  002B
Write_EEPROM@aux_Global_interrupt cstackBANK0  0029
Write_EEPROM@data                 cstackBANK0  0026
_Active_motor                     bssBANK0     0046
_CCP1CONbits                      (abs)        0017
_CCPR1L                           (abs)        0015
_CMCON                            (abs)        001F
_Duty_Pwm                         text16       0654
_EEADR                            (abs)        009B
_EECON1bits                       (abs)        009C
_EECON2                           (abs)        009D
_EEDATA                           (abs)        009A
_Flag_active                      bitbssCOMMON 03E0
_Flag_conectado                   bitbssCOMMON 03E1
_Flag_motors_off                  bitbssCOMMON 03E2
_INTCONbits                       (abs)        000B
_IntToChar                        text4        0794
_Matrix_Char                      bssBANK0     0059
_OPTION_REGbits                   (abs)        0081
_PIE1bits                         (abs)        008C
_PIR1bits                         (abs)        000C
_PORTA                            (abs)        0005
_PORTAbits                        (abs)        0005
_PORTB                            (abs)        0006
_PORTBbits                        (abs)        0006
_PR2                              (abs)        0092
_PWM_main_motor                   bssBANK0     0048
_PWM_motors                       bssBANK0     004A
_RCREG                            (abs)        001A
_RCSTAbits                        (abs)        0018
_Read_EEPROM                      text15       07A1
_SPBRG                            (abs)        0099
_Setup                            text9        0282
_T2CONbits                        (abs)        0012
_TMR0                             (abs)        0001
_TRISA                            (abs)        0085
_TRISB                            (abs)        0086
_TXSTAbits                        (abs)        0098
_Time_main_motor                  bssBANK0     004C
_Time_motors                      bssBANK0     004E
_Tmp_atividade                    bssBANK0     0050
_Write_EEPROM                     text14       06AC
__CFG_BOREN$OFF                   (abs)        0000
__CFG_CP$OFF                      (abs)        0000
__CFG_CPD$OFF                     (abs)        0000
__CFG_FOSC$INTOSCIO               (abs)        0000
__CFG_LVP$OFF                     (abs)        0000
__CFG_MCLRE$ON                    (abs)        0000
__CFG_PWRTE$OFF                   (abs)        0000
__CFG_WDTE$OFF                    (abs)        0000
__Habs1                           abs1         0000
__Hbank0                          bank0        0000
__Hbank1                          bank1        0000
__Hbank2                          bank2        0000
__Hbank3                          bank3        0000
__HbitbssCOMMON                   bitbssCOMMON 0000
__HbssBANK0                       bssBANK0     0000
__Hcinit                          cinit        0019
__Hclrtext                        clrtext      0000
__Hcode                           code         0000
__Hcommon                         common       0000
__Hconfig                         config       2008
__HcstackBANK0                    cstackBANK0  0000
__HcstackCOMMON                   cstackCOMMON 0000
__Heeprom_data                    eeprom_data  0000
__Hend_init                       end_init     0011
__Hfunctab                        functab      0000
__Hidloc                          idloc        0000
__Hinit                           init         0010
__Hintentry                       intentry     0010
__Hmaintext                       maintext     0000
__Hpowerup                        powerup      0000
__Hram                            ram          0000
__Hreset_vec                      reset_vec    0001
__Hsfr0                           sfr0         0000
__Hsfr1                           sfr1         0000
__Hsfr2                           sfr2         0000
__Hsfr3                           sfr3         0000
__Hspace_0                        (abs)        2008
__Hspace_1                        (abs)        03E6
__Hspace_2                        (abs)        0000
__Hspace_3                        (abs)        0000
__Hstack                          stack        0000
__Hstrings                        strings      0000
__Htext                           text         0000
__Labs1                           abs1         0000
__Lbank0                          bank0        0000
__Lbank1                          bank1        0000
__Lbank2                          bank2        0000
__Lbank3                          bank3        0000
__LbitbssCOMMON                   bitbssCOMMON 0000
__LbssBANK0                       bssBANK0     0000
__Lcinit                          cinit        0011
__Lclrtext                        clrtext      0000
__Lcode                           code         0000
__Lcommon                         common       0000
__Lconfig                         config       2007
__LcstackBANK0                    cstackBANK0  0000
__LcstackCOMMON                   cstackCOMMON 0000
__Leeprom_data                    eeprom_data  0000
__Lend_init                       end_init     0010
__Lfunctab                        functab      0000
__Lidloc                          idloc        0000
__Linit                           init         0010
__Lintentry                       intentry     0004
__Lmaintext                       maintext     0000
__Lpowerup                        powerup      0000
__Lram                            ram          0000
__Lreset_vec                      reset_vec    0000
__Lsfr0                           sfr0         0000
__Lsfr1                           sfr1         0000
__Lsfr2                           sfr2         0000
__Lsfr3                           sfr3         0000
__Lspace_0                        (abs)        0000
__Lspace_1                        (abs)        0000
__Lspace_2                        (abs)        0000
__Lspace_3                        (abs)        0000
__Lstack                          stack        0000
__Lstrings                        strings      0000
__Ltext                           text         0000
__S0                              (abs)        2008
__S1                              (abs)        007D
__S2                              (abs)        0000
__S3                              (abs)        0000
___int_sp                         stack        0000
___latbits                        (abs)        0000
___lwdiv                          text8        0566
___lwdiv@counter                  cstackBANK0  002D
___lwdiv@dividend                 cstackBANK0  0028
___lwdiv@divisor                  cstackBANK0  0026
___lwdiv@quotient                 cstackBANK0  002B
___lwmod                          text7        0620
___lwmod@counter                  cstackBANK0  0033
___lwmod@dividend                 cstackBANK0  0030
___lwmod@divisor                  cstackBANK0  002E
___sp                             stack        0000
___wmul                           text17       06FD
___wmul@multiplicand              cstackBANK0  0028
___wmul@multiplier                cstackBANK0  0026
___wmul@product                   cstackBANK0  002A
__end_of_Duty_Pwm                 text16       0680
__end_of_IntToChar                text4        07A1
__end_of_Read_EEPROM              text15       07AD
__end_of_Setup                    text9        0339
__end_of_Write_EEPROM             text14       06D5
__end_of___lwdiv                  text8        05A4
__end_of___lwmod                  text7        0654
__end_of___wmul                   text17       0720
__end_of__initialization          cinit        0017
__end_of__stringtab               strings      0766
__end_of_debounce                 text22       0794
__end_of_dpowers                  strings      0770
__end_of_exibe_config_valor       text3        0566
__end_of_exibe_configuracao       text2        047A
__end_of_exibe_recebimento        text1        04F7
__end_of_exibe_status             text11       06FD
__end_of_inicializa_lcd           text10       0760
__end_of_interrupcao              text18       0282
__end_of_isdigit                  text6        0784
__end_of_lcd_comando              text13       0620
__end_of_lcd_escrevedado          text12       05E2
__end_of_main                     maintext     03DF
__end_of_sprintf                  text5        0157
__end_ofi1_Duty_Pwm               text20       06AC
__end_ofi1_Read_EEPROM            text19       07B7
__end_ofi1___wmul                 text21       0741
__initialization                  cinit        0011
__pbitbssCOMMON                   bitbssCOMMON 03E0
__pbssBANK0                       bssBANK0     0046
__pcstackBANK0                    cstackBANK0  0020
__pcstackCOMMON                   cstackCOMMON 0070
__pintentry                       intentry     0004
__pmaintext                       maintext     0339
__pstrings                        strings      0760
__ptext1                          text1        047A
__ptext10                         text10       0741
__ptext11                         text11       06D5
__ptext12                         text12       05A4
__ptext13                         text13       05E2
__ptext14                         text14       06AC
__ptext15                         text15       07A1
__ptext16                         text16       0654
__ptext17                         text17       06FD
__ptext18                         text18       0157
__ptext19                         text19       07AD
__ptext2                          text2        03DF
__ptext20                         text20       0680
__ptext21                         text21       0720
__ptext22                         text22       0784
__ptext3                          text3        04F7
__ptext4                          text4        0794
__ptext5                          text5        0019
__ptext6                          text6        0774
__ptext7                          text7        0620
__ptext8                          text8        0566
__ptext9                          text9        0282
__size_of_Duty_Pwm                (abs)        0000
__size_of_IntToChar               (abs)        0000
__size_of_Read_EEPROM             (abs)        0000
__size_of_Setup                   (abs)        0000
__size_of_Write_EEPROM            (abs)        0000
__size_of___lwdiv                 (abs)        0000
__size_of___lwmod                 (abs)        0000
__size_of___wmul                  (abs)        0000
__size_of_debounce                (abs)        0000
__size_of_exibe_config_valor      (abs)        0000
__size_of_exibe_configuracao      (abs)        0000
__size_of_exibe_recebimento       (abs)        0000
__size_of_exibe_status            (abs)        0000
__size_of_inicializa_lcd          (abs)        0000
__size_of_interrupcao             (abs)        0000
__size_of_isdigit                 (abs)        0000
__size_of_lcd_comando             (abs)        0000
__size_of_lcd_escrevedado         (abs)        0000
__size_of_main                    (abs)        0000
__size_of_sprintf                 (abs)        0000
__size_ofi1_Duty_Pwm              (abs)        0000
__size_ofi1_Read_EEPROM           (abs)        0000
__size_ofi1___wmul                (abs)        0000
__stringbase                      strings      0765
__stringtab                       strings      0760
_aux_tm0                          bssBANK0     0052
_cnt_int_tmr0                     bssBANK0     0054
_config                           bssBANK0     0056
_debounce                         text22       0784
_display_config                   bitbssCOMMON 03E3
_display_value                    bitbssCOMMON 03E4
_dpowers                          strings      0766
_exibe_config_valor               text3        04F7
_exibe_configuracao               text2        03DF
_exibe_recebimento                text1        047A
_exibe_status                     text11       06D5
_flag_serial                      bitbssCOMMON 03E5
_inicializa_lcd                   text10       0741
_interrupcao                      text18       0157
_isdigit                          text6        0774
_isdigit$702                      cstackBANK0  0026
_lcd_comando                      text13       05E2
_lcd_escrevedado                  text12       05A4
_main                             maintext     0339
_reg                              bssBANK0     0058
_sprintf                          text5        0019
btemp                             (abs)        007E
clear_ram0                        clrtext      07B7
debounce@button                   cstackCOMMON 0072
end_of_initialization             cinit        0017
i1Duty_Pwm@porcent                cstackCOMMON 007A
i1Duty_Pwm@value                  cstackCOMMON 0076
i1Read_EEPROM@addr                cstackCOMMON 0070
i1_Duty_Pwm                       text20       0680
i1_Read_EEPROM                    text19       07AD
i1___wmul                         text21       0720
i1___wmul@multiplicand            cstackCOMMON 0072
i1___wmul@multiplier              cstackCOMMON 0070
i1___wmul@product                 cstackCOMMON 0074
interrupt_function                intentry     0004
intlevel0                         functab      0000
intlevel1                         functab      0000
intlevel2                         functab      0000
intlevel3                         functab      0000
intlevel4                         functab      0000
intlevel5                         functab      0000
isdigit@c                         cstackBANK0  0027
lcd_comando@dado                  cstackBANK0  0028
lcd_escrevedado@dado              cstackBANK0  0028
ltemp                             (abs)        007E
ltemp0                            (abs)        007E
ltemp1                            (abs)        0082
ltemp2                            (abs)        0086
ltemp3                            (abs)        0080
reset_vec                         reset_vec    0000
saved_w                           (abs)        007E
sprintf@ap                        cstackBANK0  003A
sprintf@c                         cstackBANK0  0042
sprintf@f                         cstackBANK0  0034
sprintf@flag                      cstackBANK0  003C
sprintf@prec                      cstackBANK0  003B
sprintf@sp                        cstackBANK0  003F
sprintf@val                       cstackBANK0  003D
sprintf@width                     cstackBANK0  0040
stackhi                           (abs)        0000
stacklo                           (abs)        0000
start                             init         0010
start_initialization              cinit        0011
ttemp                             (abs)        007E
ttemp0                            (abs)        007E
ttemp1                            (abs)        0081
ttemp2                            (abs)        0084
ttemp3                            (abs)        0087
ttemp4                            (abs)        007F
wtemp                             (abs)        007E
wtemp0                            (abs)        007E
wtemp1                            (abs)        0080
wtemp2                            (abs)        0082
wtemp3                            (abs)        0084
wtemp4                            (abs)        0086
wtemp5                            (abs)        0088
wtemp6                            (abs)        007F


FUNCTION INFORMATION:

 *************** function _main *****************
 Defined at:
		line 212 in file "vip.c"
 Parameters:    Size  Location     Type
		None
 Auto vars:     Size  Location     Type
		None
 Return value:  Size  Location     Type
		None               void
 Registers used:
		wreg, fsr0l, fsr0h, status,2, status,0, btemp+1, pclath, cstack
 Tracked objects:
		On entry : 
		On exit  : 
		Unchanged: 
 Data sizes:     COMMON   BANK0   BANK1   BANK2
      Params:         0       0       0       0
      Locals:         0       0       0       0
      Temps:          0       0       0       0
      Totals:         0       0       0       0
Total ram usage:        0 bytes
 Hardware stack levels required when called:    7
 This function calls:
		_Duty_Pwm
		_Setup
		_exibe_config_valor
		_exibe_configuracao
		_exibe_recebimento
 This function is called by:
		Startup code after reset
 This function uses a non-reentrant model


 *************** function _exibe_recebimento *****************
 Defined at:
		line 610 in file "vip.c"
 Parameters:    Size  Location     Type
		None
 Auto vars:     Size  Location     Type
		None
 Return value:  Size  Location     Type
		None               void
 Registers used:
		wreg, status,2, status,0, pclath, cstack
 Tracked objects:
		On entry : 
		On exit  : 
		Unchanged: 
 Data sizes:     COMMON   BANK0   BANK1   BANK2
      Params:         0       0       0       0
      Locals:         0       0       0       0
      Temps:          0       0       0       0
      Totals:         0       0       0       0
Total ram usage:        0 bytes
 Hardware stack levels used:    1
 Hardware stack levels required when called:    4
 This function calls:
		_lcd_comando
		_lcd_escrevedado
 This function is called by:
		_main
 This function uses a non-reentrant model


 *************** function _exibe_configuracao *****************
 Defined at:
		line 436 in file "vip.c"
 Parameters:    Size  Location     Type
		None
 Auto vars:     Size  Location     Type
		None
 Return value:  Size  Location     Type
		None               void
 Registers used:
		wreg, status,2, status,0, pclath, cstack
 Tracked objects:
		On entry : 
		On exit  : 
		Unchanged: 
 Data sizes:     COMMON   BANK0   BANK1   BANK2
      Params:         0       0       0       0
      Locals:         0       0       0       0
      Temps:          0       3       0       0
      Totals:         0       3       0       0
Total ram usage:        3 bytes
 Hardware stack levels used:    1
 Hardware stack levels required when called:    5
 This function calls:
		_Write_EEPROM
		_exibe_status
		_lcd_comando
		_lcd_escrevedado
 This function is called by:
		_main
 This function uses a non-reentrant model


 *************** function _exibe_config_valor *****************
 Defined at:
		line 519 in file "vip.c"
 Parameters:    Size  Location     Type
		None
 Auto vars:     Size  Location     Type
		None
 Return value:  Size  Location     Type
		None               void
 Registers used:
		wreg, fsr0l, fsr0h, status,2, status,0, btemp+1, pclath, cstack
 Tracked objects:
		On entry : 
		On exit  : 
		Unchanged: 
 Data sizes:     COMMON   BANK0   BANK1   BANK2
      Params:         0       0       0       0
      Locals:         0       0       0       0
      Temps:          0       0       0       0
      Totals:         0       0       0       0
Total ram usage:        0 bytes
 Hardware stack levels used:    1
 Hardware stack levels required when called:    6
 This function calls:
		_IntToChar
		_lcd_comando
		_lcd_escrevedado
 This function is called by:
		_main
 This function uses a non-reentrant model


 *************** function _IntToChar *****************
 Defined at:
		line 557 in file "vip.c"
 Parameters:    Size  Location     Type
  value           2   35[BANK0 ] int 
 Auto vars:     Size  Location     Type
		None
 Return value:  Size  Location     Type
		None               void
 Registers used:
		wreg, fsr0l, fsr0h, status,2, status,0, btemp+1, pclath, cstack
 Tracked objects:
		On entry : 
		On exit  : 
		Unchanged: 
 Data sizes:     COMMON   BANK0   BANK1   BANK2
      Params:         0       2       0       0
      Locals:         0       0       0       0
      Temps:          0       1       0       0
      Totals:         0       3       0       0
Total ram usage:        3 bytes
 Hardware stack levels used:    1
 Hardware stack levels required when called:    5
 This function calls:
		_sprintf
 This function is called by:
		_exibe_config_valor
 This function uses a non-reentrant model


 *************** function _sprintf *****************
 Defined at:
		line 492 in file "C:\Program Files\Microchip\xc8\v1.34\sources\common\doprnt.c"
 Parameters:    Size  Location     Type
  sp              1    wreg     PTR unsigned char 
		 -> Matrix_Char(4), 
  f               1   20[BANK0 ] PTR const unsigned char 
		 -> STR_1(4), 
 Auto vars:     Size  Location     Type
  sp              1   31[BANK0 ] PTR unsigned char 
		 -> Matrix_Char(4), 
  tmpval          4    0        struct .
  width           2   32[BANK0 ] int 
  val             2   29[BANK0 ] unsigned int 
  cp              2    0        PTR const unsigned char 
  len             2    0        unsigned int 
  c               1   34[BANK0 ] char 
  flag            1   28[BANK0 ] unsigned char 
  prec            1   27[BANK0 ] char 
  ap              1   26[BANK0 ] PTR void [1]
		 -> ?_sprintf(2), 
 Return value:  Size  Location     Type
                  2   20[BANK0 ] int 
 Registers used:
		wreg, fsr0l, fsr0h, status,2, status,0, btemp+1, pclath, cstack
 Tracked objects:
		On entry : 
		On exit  : 
		Unchanged: 
 Data sizes:     COMMON   BANK0   BANK1   BANK2
      Params:         0       3       0       0
      Locals:         0       9       0       0
      Temps:          0       3       0       0
      Totals:         0      15       0       0
Total ram usage:       15 bytes
 Hardware stack levels used:    1
 Hardware stack levels required when called:    4
 This function calls:
		___lwdiv
		___lwmod
		___wmul
		_isdigit
 This function is called by:
		_IntToChar
 This function uses a non-reentrant model


 *************** function _isdigit *****************
 Defined at:
		line 8 in file "C:\Program Files\Microchip\xc8\v1.34\sources\common\isdigit.c"
 Parameters:    Size  Location     Type
  c               1    wreg     unsigned char 
 Auto vars:     Size  Location     Type
  c               1    7[BANK0 ] unsigned char 
 Return value:  Size  Location     Type
		None               void
 Registers used:
		wreg, status,2, status,0
 Tracked objects:
		On entry : 
		On exit  : 
		Unchanged: 
 Data sizes:     COMMON   BANK0   BANK1   BANK2
      Params:         0       0       0       0
      Locals:         0       2       0       0
      Temps:          0       0       0       0
      Totals:         0       2       0       0
Total ram usage:        2 bytes
 Hardware stack levels used:    1
 Hardware stack levels required when called:    3
 This function calls:
		Nothing
 This function is called by:
		_sprintf
 This function uses a non-reentrant model


 *************** function ___lwmod *****************
 Defined at:
		line 6 in file "C:\Program Files\Microchip\xc8\v1.34\sources\common\lwmod.c"
 Parameters:    Size  Location     Type
  divisor         2   14[BANK0 ] unsigned int 
  dividend        2   16[BANK0 ] unsigned int 
 Auto vars:     Size  Location     Type
  counter         1   19[BANK0 ] unsigned char 
 Return value:  Size  Location     Type
                  2   14[BANK0 ] unsigned int 
 Registers used:
		wreg, status,2, status,0
 Tracked objects:
		On entry : 
		On exit  : 
		Unchanged: 
 Data sizes:     COMMON   BANK0   BANK1   BANK2
      Params:         0       4       0       0
      Locals:         0       1       0       0
      Temps:          0       1       0       0
      Totals:         0       6       0       0
Total ram usage:        6 bytes
 Hardware stack levels used:    1
 Hardware stack levels required when called:    3
 This function calls:
		Nothing
 This function is called by:
		_sprintf
 This function uses a non-reentrant model


 *************** function ___lwdiv *****************
 Defined at:
		line 6 in file "C:\Program Files\Microchip\xc8\v1.34\sources\common\lwdiv.c"
 Parameters:    Size  Location     Type
  divisor         2    6[BANK0 ] unsigned int 
  dividend        2    8[BANK0 ] unsigned int 
 Auto vars:     Size  Location     Type
  quotient        2   11[BANK0 ] unsigned int 
  counter         1   13[BANK0 ] unsigned char 
 Return value:  Size  Location     Type
                  2    6[BANK0 ] unsigned int 
 Registers used:
		wreg, status,2, status,0
 Tracked objects:
		On entry : 
		On exit  : 
		Unchanged: 
 Data sizes:     COMMON   BANK0   BANK1   BANK2
      Params:         0       4       0       0
      Locals:         0       3       0       0
      Temps:          0       1       0       0
      Totals:         0       8       0       0
Total ram usage:        8 bytes
 Hardware stack levels used:    1
 Hardware stack levels required when called:    3
 This function calls:
		Nothing
 This function is called by:
		_sprintf
 This function uses a non-reentrant model


 *************** function _Setup *****************
 Defined at:
		line 93 in file "vip.c"
 Parameters:    Size  Location     Type
		None
 Auto vars:     Size  Location     Type
		None
 Return value:  Size  Location     Type
		None               void
 Registers used:
		wreg, status,2, status,0, pclath, cstack
 Tracked objects:
		On entry : 
		On exit  : 
		Unchanged: 
 Data sizes:     COMMON   BANK0   BANK1   BANK2
      Params:         0       0       0       0
      Locals:         0       0       0       0
      Temps:          0       2       0       0
      Totals:         0       2       0       0
Total ram usage:        2 bytes
 Hardware stack levels used:    1
 Hardware stack levels required when called:    5
 This function calls:
		_Duty_Pwm
		_Read_EEPROM
		_Write_EEPROM
		_exibe_status
		_inicializa_lcd
 This function is called by:
		_main
 This function uses a non-reentrant model


 *************** function _inicializa_lcd *****************
 Defined at:
		line 561 in file "vip.c"
 Parameters:    Size  Location     Type
		None
 Auto vars:     Size  Location     Type
		None
 Return value:  Size  Location     Type
		None               void
 Registers used:
		wreg, status,2, status,0, pclath, cstack
 Tracked objects:
		On entry : 
		On exit  : 
		Unchanged: 
 Data sizes:     COMMON   BANK0   BANK1   BANK2
      Params:         0       0       0       0
      Locals:         0       0       0       0
      Temps:          0       2       0       0
      Totals:         0       2       0       0
Total ram usage:        2 bytes
 Hardware stack levels used:    1
 Hardware stack levels required when called:    4
 This function calls:
		_lcd_comando
 This function is called by:
		_Setup
 This function uses a non-reentrant model


 *************** function _exibe_status *****************
 Defined at:
		line 495 in file "vip.c"
 Parameters:    Size  Location     Type
		None
 Auto vars:     Size  Location     Type
		None
 Return value:  Size  Location     Type
		None               void
 Registers used:
		wreg, status,2, status,0, pclath, cstack
 Tracked objects:
		On entry : 
		On exit  : 
		Unchanged: 
 Data sizes:     COMMON   BANK0   BANK1   BANK2
      Params:         0       0       0       0
      Locals:         0       0       0       0
      Temps:          0       0       0       0
      Totals:         0       0       0       0
Total ram usage:        0 bytes
 Hardware stack levels used:    1
 Hardware stack levels required when called:    4
 This function calls:
		_lcd_comando
		_lcd_escrevedado
 This function is called by:
		_Setup
		_exibe_configuracao
 This function uses a non-reentrant model


 *************** function _lcd_escrevedado *****************
 Defined at:
		line 593 in file "vip.c"
 Parameters:    Size  Location     Type
  dado            1    wreg     unsigned char 
 Auto vars:     Size  Location     Type
  dado            1    8[BANK0 ] unsigned char 
 Return value:  Size  Location     Type
		None               void
 Registers used:
		wreg, status,2, status,0
 Tracked objects:
		On entry : 
		On exit  : 
		Unchanged: 
 Data sizes:     COMMON   BANK0   BANK1   BANK2
      Params:         0       0       0       0
      Locals:         0       1       0       0
      Temps:          0       2       0       0
      Totals:         0       3       0       0
Total ram usage:        3 bytes
 Hardware stack levels used:    1
 Hardware stack levels required when called:    3
 This function calls:
		Nothing
 This function is called by:
		_exibe_configuracao
		_exibe_status
		_exibe_config_valor
		_exibe_recebimento
 This function uses a non-reentrant model


 *************** function _lcd_comando *****************
 Defined at:
		line 576 in file "vip.c"
 Parameters:    Size  Location     Type
  dado            1    wreg     unsigned char 
 Auto vars:     Size  Location     Type
  dado            1    8[BANK0 ] unsigned char 
 Return value:  Size  Location     Type
		None               void
 Registers used:
		wreg, status,2, status,0
 Tracked objects:
		On entry : 
		On exit  : 
		Unchanged: 
 Data sizes:     COMMON   BANK0   BANK1   BANK2
      Params:         0       0       0       0
      Locals:         0       1       0       0
      Temps:          0       2       0       0
      Totals:         0       3       0       0
Total ram usage:        3 bytes
 Hardware stack levels used:    1
 Hardware stack levels required when called:    3
 This function calls:
		Nothing
 This function is called by:
		_exibe_configuracao
		_exibe_status
		_exibe_config_valor
		_inicializa_lcd
		_exibe_recebimento
 This function uses a non-reentrant model


 *************** function _Write_EEPROM *****************
 Defined at:
		line 665 in file "vip.c"
 Parameters:    Size  Location     Type
  addr            1    wreg     unsigned char 
  data            1    6[BANK0 ] unsigned char 
 Auto vars:     Size  Location     Type
  addr            1   11[BANK0 ] unsigned char 
  aux_Global_i    2    9[BANK0 ] int 
 Return value:  Size  Location     Type
		None               void
 Registers used:
		wreg, status,2, status,0
 Tracked objects:
		On entry : 
		On exit  : 
		Unchanged: 
 Data sizes:     COMMON   BANK0   BANK1   BANK2
      Params:         0       1       0       0
      Locals:         0       3       0       0
      Temps:          0       2       0       0
      Totals:         0       6       0       0
Total ram usage:        6 bytes
 Hardware stack levels used:    1
 Hardware stack levels required when called:    3
 This function calls:
		Nothing
 This function is called by:
		_Setup
		_exibe_configuracao
 This function uses a non-reentrant model


 *************** function _Read_EEPROM *****************
 Defined at:
		line 685 in file "vip.c"
 Parameters:    Size  Location     Type
  addr            1    wreg     unsigned char 
 Auto vars:     Size  Location     Type
  addr            1    6[BANK0 ] unsigned char 
 Return value:  Size  Location     Type
                  1    wreg      unsigned char 
 Registers used:
		wreg
 Tracked objects:
		On entry : 
		On exit  : 
		Unchanged: 
 Data sizes:     COMMON   BANK0   BANK1   BANK2
      Params:         0       0       0       0
      Locals:         0       1       0       0
      Temps:          0       0       0       0
      Totals:         0       1       0       0
Total ram usage:        1 bytes
 Hardware stack levels used:    1
 Hardware stack levels required when called:    3
 This function calls:
		Nothing
 This function is called by:
		_Setup
 This function uses a non-reentrant model


 *************** function _Duty_Pwm *****************
 Defined at:
		line 409 in file "vip.c"
 Parameters:    Size  Location     Type
  value           2   12[BANK0 ] int 
 Auto vars:     Size  Location     Type
  porcent         2   16[BANK0 ] int 
 Return value:  Size  Location     Type
		None               void
 Registers used:
		wreg, status,2, status,0, pclath, cstack
 Tracked objects:
		On entry : 
		On exit  : 
		Unchanged: 
 Data sizes:     COMMON   BANK0   BANK1   BANK2
      Params:         0       2       0       0
      Locals:         0       2       0       0
      Temps:          0       2       0       0
      Totals:         0       6       0       0
Total ram usage:        6 bytes
 Hardware stack levels used:    1
 Hardware stack levels required when called:    4
 This function calls:
		___wmul
 This function is called by:
		_Setup
		_main
 This function uses a non-reentrant model


 *************** function ___wmul *****************
 Defined at:
		line 15 in file "C:\Program Files\Microchip\xc8\v1.34\sources\common\Umul16.c"
 Parameters:    Size  Location     Type
  multiplier      2    6[BANK0 ] unsigned int 
  multiplicand    2    8[BANK0 ] unsigned int 
 Auto vars:     Size  Location     Type
  product         2   10[BANK0 ] unsigned int 
 Return value:  Size  Location     Type
                  2    6[BANK0 ] unsigned int 
 Registers used:
		wreg, status,2, status,0
 Tracked objects:
		On entry : 
		On exit  : 
		Unchanged: 
 Data sizes:     COMMON   BANK0   BANK1   BANK2
      Params:         0       4       0       0
      Locals:         0       2       0       0
      Temps:          0       0       0       0
      Totals:         0       6       0       0
Total ram usage:        6 bytes
 Hardware stack levels used:    1
 Hardware stack levels required when called:    3
 This function calls:
		Nothing
 This function is called by:
		_Duty_Pwm
		_sprintf
 This function uses a non-reentrant model


 *************** function _interrupcao *****************
 Defined at:
		line 323 in file "vip.c"
 Parameters:    Size  Location     Type
		None
 Auto vars:     Size  Location     Type
		None
 Return value:  Size  Location     Type
		None               void
 Registers used:
		wreg, status,2, status,0, btemp+1, pclath, cstack
 Tracked objects:
		On entry : 
		On exit  : 
		Unchanged: 
 Data sizes:     COMMON   BANK0   BANK1   BANK2
      Params:         0       0       0       0
      Locals:         0       0       0       0
      Temps:          0       6       0       0
      Totals:         0       6       0       0
Total ram usage:        6 bytes
 Hardware stack levels used:    1
 Hardware stack levels required when called:    2
 This function calls:
		_debounce
		i1_Duty_Pwm
		i1_Read_EEPROM
 This function is called by:
		Interrupt level 1
 This function uses a non-reentrant model


 *************** function i1_Read_EEPROM *****************
 Defined at:
		line 685 in file "vip.c"
 Parameters:    Size  Location     Type
  addr            1    wreg     unsigned char 
 Auto vars:     Size  Location     Type
  addr            1    0[COMMON] unsigned char 
 Return value:  Size  Location     Type
                  1    wreg      unsigned char 
 Registers used:
		wreg
 Tracked objects:
		On entry : 
		On exit  : 
		Unchanged: 
 Data sizes:     COMMON   BANK0   BANK1   BANK2
      Params:         0       0       0       0
      Locals:         1       0       0       0
      Temps:          0       0       0       0
      Totals:         1       0       0       0
Total ram usage:        1 bytes
 Hardware stack levels used:    1
 This function calls:
		Nothing
 This function is called by:
		_interrupcao
 This function uses a non-reentrant model


 *************** function i1_Duty_Pwm *****************
 Defined at:
		line 409 in file "vip.c"
 Parameters:    Size  Location     Type
  value           2    6[COMMON] int 
 Auto vars:     Size  Location     Type
  Duty_Pwm        2   10[COMMON] int 
 Return value:  Size  Location     Type
		None               void
 Registers used:
		wreg, status,2, status,0, pclath, cstack
 Tracked objects:
		On entry : 
		On exit  : 
		Unchanged: 
 Data sizes:     COMMON   BANK0   BANK1   BANK2
      Params:         2       0       0       0
      Locals:         2       0       0       0
      Temps:          2       0       0       0
      Totals:         6       0       0       0
Total ram usage:        6 bytes
 Hardware stack levels used:    1
 Hardware stack levels required when called:    1
 This function calls:
		i1___wmul
 This function is called by:
		_interrupcao
 This function uses a non-reentrant model


 *************** function i1___wmul *****************
 Defined at:
		line 15 in file "C:\Program Files\Microchip\xc8\v1.34\sources\common\Umul16.c"
 Parameters:    Size  Location     Type
  multiplier      2    0[COMMON] unsigned int 
  multiplicand    2    2[COMMON] unsigned int 
 Auto vars:     Size  Location     Type
  __wmul          2    4[COMMON] unsigned int 
 Return value:  Size  Location     Type
                  2    0[COMMON] unsigned int 
 Registers used:
		wreg, status,2, status,0
 Tracked objects:
		On entry : 
		On exit  : 
		Unchanged: 
 Data sizes:     COMMON   BANK0   BANK1   BANK2
      Params:         4       0       0       0
      Locals:         2       0       0       0
      Temps:          0       0       0       0
      Totals:         6       0       0       0
Total ram usage:        6 bytes
 Hardware stack levels used:    1
 This function calls:
		Nothing
 This function is called by:
		i1_Duty_Pwm
 This function uses a non-reentrant model


 *************** function _debounce *****************
 Defined at:
		line 692 in file "vip.c"
 Parameters:    Size  Location     Type
  button          1    wreg     unsigned char 
 Auto vars:     Size  Location     Type
  button          1    2[COMMON] unsigned char 
 Return value:  Size  Location     Type
		None               void
 Registers used:
		wreg, status,2, status,0
 Tracked objects:
		On entry : 
		On exit  : 
		Unchanged: 
 Data sizes:     COMMON   BANK0   BANK1   BANK2
      Params:         0       0       0       0
      Locals:         1       0       0       0
      Temps:          2       0       0       0
      Totals:         3       0       0       0
Total ram usage:        3 bytes
 Hardware stack levels used:    1
 This function calls:
		Nothing
 This function is called by:
		_interrupcao
 This function uses a non-reentrant model



MODULE INFORMATION

Module		Function		Class		Link	Load	Size
vip.c
		_lcd_comando   		CODE           	05E2	0000	63
		_IntToChar     		CODE           	0794	0000	14
		_debounce      		CODE           	0784	0000	17
		_main          		CODE           	0339	0000	167
		_exibe_configur		CODE           	03DF	0000	156
		_lcd_escrevedad		CODE           	05A4	0000	63
		_Duty_Pwm      		CODE           	0654	0000	45
		_Setup         		CODE           	0282	0000	184
		_Read_EEPROM   		CODE           	07A1	0000	13
		_Write_EEPROM  		CODE           	06AC	0000	42
		_exibe_recebime		CODE           	047A	0000	126
		_interrupcao   		CODE           	0157	0000	300
		_inicializa_lcd		CODE           	0741	0000	32
		_exibe_config_v		CODE           	04F7	0000	112
		_exibe_status  		CODE           	06D5	0000	41

vip.c estimated size: 1375

C:\Program Files\Microchip\xc8\v1.34\sources\common\lwmod.c
		___lwmod       		CODE           	0620	0000	53

C:\Program Files\Microchip\xc8\v1.34\sources\common\lwmod.c estimated size: 53

C:\Program Files\Microchip\xc8\v1.34\sources\common\doprnt.c
		_sprintf       		CODE           	0019	0000	319

C:\Program Files\Microchip\xc8\v1.34\sources\common\doprnt.c estimated size: 319

C:\Program Files\Microchip\xc8\v1.34\sources\common\lwdiv.c
		___lwdiv       		CODE           	0566	0000	63

C:\Program Files\Microchip\xc8\v1.34\sources\common\lwdiv.c estimated size: 63

C:\Program Files\Microchip\xc8\v1.34\sources\common\Umul16.c
		___wmul        		CODE           	06FD	0000	36

C:\Program Files\Microchip\xc8\v1.34\sources\common\Umul16.c estimated size: 36

shared
		__stringtab    		STRING         	0760	0000	7
		_dpowers       		STRING         	0766	0000	11
		i1___wmul      		CODE           	0720	0000	34
		i1_Read_EEPROM 		CODE           	07AD	0000	11
		__initializatio		CODE           	0011	0000	7
		i1_Duty_Pwm    		CODE           	0680	0000	45

shared estimated size: 115

C:\Program Files\Microchip\xc8\v1.34\sources\common\isdigit.c
		_isdigit       		CODE           	0774	0000	17

C:\Program Files\Microchip\xc8\v1.34\sources\common\isdigit.c estimated size: 17

